// Jest Snapshot v1, https://goo.gl/fbAQLP

exports[`utils test getDatesofMonth 1`] = `
Array [
  Array [
    1/1/2017,
    1/2/2017,
    1/3/2017,
    1/4/2017,
    1/5/2017,
    1/6/2017,
    1/7/2017,
  ],
  Array [
    1/8/2017,
    1/9/2017,
    1/10/2017,
    1/11/2017,
    1/12/2017,
    1/13/2017,
    1/14/2017,
  ],
  Array [
    1/15/2017,
    1/16/2017,
    1/17/2017,
    1/18/2017,
    1/19/2017,
    1/20/2017,
    1/21/2017,
  ],
  Array [
    1/22/2017,
    1/23/2017,
    1/24/2017,
    1/25/2017,
    1/26/2017,
    1/27/2017,
    1/28/2017,
  ],
  Array [
    1/29/2017,
    1/30/2017,
    1/31/2017,
    null,
    null,
    null,
    null,
  ],
  Array [
    null,
    null,
    null,
    null,
    null,
    null,
    null,
  ],
]
`;
