// Jest Snapshot v1, https://goo.gl/fbAQLP

exports[`useDateRange hook tests processMonth adds extra info to days 1`] = `
Array [
  Array [
    Object {
      "date": "Sun Dec 30 2018",
      "inCurrentMonth": false,
      "inRange": false,
      "isEnd": false,
      "isStart": false,
      "selected": false,
    },
    Object {
      "date": "Mon Dec 31 2018",
      "inCurrentMonth": false,
      "inRange": false,
      "isEnd": false,
      "isStart": false,
      "selected": false,
    },
    Object {
      "date": "Tue Jan 01 2019",
      "inCurrentMonth": true,
      "inRange": true,
      "isEnd": false,
      "isStart": true,
      "selected": true,
    },
    Object {
      "date": "Wed Jan 02 2019",
      "inCurrentMonth": true,
      "inRange": true,
      "isEnd": false,
      "isStart": false,
      "selected": false,
    },
    Object {
      "date": "Thu Jan 03 2019",
      "inCurrentMonth": true,
      "inRange": true,
      "isEnd": false,
      "isStart": false,
      "selected": false,
    },
    Object {
      "date": "Fri Jan 04 2019",
      "inCurrentMonth": true,
      "inRange": true,
      "isEnd": false,
      "isStart": false,
      "selected": false,
    },
    Object {
      "date": "Sat Jan 05 2019",
      "inCurrentMonth": true,
      "inRange": true,
      "isEnd": false,
      "isStart": false,
      "selected": false,
    },
  ],
  Array [
    Object {
      "date": "Sun Jan 06 2019",
      "inCurrentMonth": true,
      "inRange": true,
      "isEnd": false,
      "isStart": false,
      "selected": false,
    },
    Object {
      "date": "Mon Jan 07 2019",
      "inCurrentMonth": true,
      "inRange": true,
      "isEnd": false,
      "isStart": false,
      "selected": false,
    },
    Object {
      "date": "Tue Jan 08 2019",
      "inCurrentMonth": true,
      "inRange": true,
      "isEnd": false,
      "isStart": false,
      "selected": false,
    },
    Object {
      "date": "Wed Jan 09 2019",
      "inCurrentMonth": true,
      "inRange": true,
      "isEnd": true,
      "isStart": false,
      "selected": true,
    },
    Object {
      "date": "Thu Jan 10 2019",
      "inCurrentMonth": true,
      "inRange": false,
      "isEnd": false,
      "isStart": false,
      "selected": false,
    },
    Object {
      "date": "Fri Jan 11 2019",
      "inCurrentMonth": true,
      "inRange": false,
      "isEnd": false,
      "isStart": false,
      "selected": false,
    },
    Object {
      "date": "Sat Jan 12 2019",
      "inCurrentMonth": true,
      "inRange": false,
      "isEnd": false,
      "isStart": false,
      "selected": false,
    },
  ],
  Array [
    Object {
      "date": "Sun Jan 13 2019",
      "inCurrentMonth": true,
      "inRange": false,
      "isEnd": false,
      "isStart": false,
      "selected": false,
    },
    Object {
      "date": "Mon Jan 14 2019",
      "inCurrentMonth": true,
      "inRange": false,
      "isEnd": false,
      "isStart": false,
      "selected": false,
    },
    Object {
      "date": "Tue Jan 15 2019",
      "inCurrentMonth": true,
      "inRange": false,
      "isEnd": false,
      "isStart": false,
      "selected": false,
    },
    Object {
      "date": "Wed Jan 16 2019",
      "inCurrentMonth": true,
      "inRange": false,
      "isEnd": false,
      "isStart": false,
      "selected": false,
    },
    Object {
      "date": "Thu Jan 17 2019",
      "inCurrentMonth": true,
      "inRange": false,
      "isEnd": false,
      "isStart": false,
      "selected": false,
    },
    Object {
      "date": "Fri Jan 18 2019",
      "inCurrentMonth": true,
      "inRange": false,
      "isEnd": false,
      "isStart": false,
      "selected": false,
    },
    Object {
      "date": "Sat Jan 19 2019",
      "inCurrentMonth": true,
      "inRange": false,
      "isEnd": false,
      "isStart": false,
      "selected": false,
    },
  ],
  Array [
    Object {
      "date": "Sun Jan 20 2019",
      "inCurrentMonth": true,
      "inRange": false,
      "isEnd": false,
      "isStart": false,
      "selected": false,
    },
    Object {
      "date": "Mon Jan 21 2019",
      "inCurrentMonth": true,
      "inRange": false,
      "isEnd": false,
      "isStart": false,
      "selected": false,
    },
    Object {
      "date": "Tue Jan 22 2019",
      "inCurrentMonth": true,
      "inRange": false,
      "isEnd": false,
      "isStart": false,
      "selected": false,
    },
    Object {
      "date": "Wed Jan 23 2019",
      "inCurrentMonth": true,
      "inRange": false,
      "isEnd": false,
      "isStart": false,
      "selected": false,
    },
    Object {
      "date": "Thu Jan 24 2019",
      "inCurrentMonth": true,
      "inRange": false,
      "isEnd": false,
      "isStart": false,
      "selected": false,
    },
    Object {
      "date": "Fri Jan 25 2019",
      "inCurrentMonth": true,
      "inRange": false,
      "isEnd": false,
      "isStart": false,
      "selected": false,
    },
    Object {
      "date": "Sat Jan 26 2019",
      "inCurrentMonth": true,
      "inRange": false,
      "isEnd": false,
      "isStart": false,
      "selected": false,
    },
  ],
  Array [
    Object {
      "date": "Sun Jan 27 2019",
      "inCurrentMonth": true,
      "inRange": false,
      "isEnd": false,
      "isStart": false,
      "selected": false,
    },
    Object {
      "date": "Mon Jan 28 2019",
      "inCurrentMonth": true,
      "inRange": false,
      "isEnd": false,
      "isStart": false,
      "selected": false,
    },
    Object {
      "date": "Tue Jan 29 2019",
      "inCurrentMonth": true,
      "inRange": false,
      "isEnd": false,
      "isStart": false,
      "selected": false,
    },
    Object {
      "date": "Wed Jan 30 2019",
      "inCurrentMonth": true,
      "inRange": false,
      "isEnd": false,
      "isStart": false,
      "selected": false,
    },
    Object {
      "date": "Thu Jan 31 2019",
      "inCurrentMonth": true,
      "inRange": false,
      "isEnd": false,
      "isStart": false,
      "selected": false,
    },
    Object {
      "date": "Fri Feb 01 2019",
      "inCurrentMonth": false,
      "inRange": false,
      "isEnd": false,
      "isStart": false,
      "selected": false,
    },
    Object {
      "date": "Sat Feb 02 2019",
      "inCurrentMonth": false,
      "inRange": false,
      "isEnd": false,
      "isStart": false,
      "selected": false,
    },
  ],
  Array [
    Object {
      "date": "Sun Feb 03 2019",
      "inCurrentMonth": false,
      "inRange": false,
      "isEnd": false,
      "isStart": false,
      "selected": false,
    },
    Object {
      "date": "Mon Feb 04 2019",
      "inCurrentMonth": false,
      "inRange": false,
      "isEnd": false,
      "isStart": false,
      "selected": false,
    },
    Object {
      "date": "Tue Feb 05 2019",
      "inCurrentMonth": false,
      "inRange": false,
      "isEnd": false,
      "isStart": false,
      "selected": false,
    },
    Object {
      "date": "Wed Feb 06 2019",
      "inCurrentMonth": false,
      "inRange": false,
      "isEnd": false,
      "isStart": false,
      "selected": false,
    },
    Object {
      "date": "Thu Feb 07 2019",
      "inCurrentMonth": false,
      "inRange": false,
      "isEnd": false,
      "isStart": false,
      "selected": false,
    },
    Object {
      "date": "Fri Feb 08 2019",
      "inCurrentMonth": false,
      "inRange": false,
      "isEnd": false,
      "isStart": false,
      "selected": false,
    },
    Object {
      "date": "Sat Feb 09 2019",
      "inCurrentMonth": false,
      "inRange": false,
      "isEnd": false,
      "isStart": false,
      "selected": false,
    },
  ],
]
`;
