// Jest Snapshot v1, https://goo.gl/fbAQLP

exports[`utils test getDaysOfMonth 1`] = `
Array [
  Array [
    Object {
      "date": "Sun Jan 01 2017",
      "inCurrentMonth": true,
    },
    Object {
      "date": "Mon Jan 02 2017",
      "inCurrentMonth": true,
    },
    Object {
      "date": "Tue Jan 03 2017",
      "inCurrentMonth": true,
    },
    Object {
      "date": "Wed Jan 04 2017",
      "inCurrentMonth": true,
    },
    Object {
      "date": "Thu Jan 05 2017",
      "inCurrentMonth": true,
    },
    Object {
      "date": "Fri Jan 06 2017",
      "inCurrentMonth": true,
    },
    Object {
      "date": "Sat Jan 07 2017",
      "inCurrentMonth": true,
    },
  ],
  Array [
    Object {
      "date": "Sun Jan 08 2017",
      "inCurrentMonth": true,
    },
    Object {
      "date": "Mon Jan 09 2017",
      "inCurrentMonth": true,
    },
    Object {
      "date": "Tue Jan 10 2017",
      "inCurrentMonth": true,
    },
    Object {
      "date": "Wed Jan 11 2017",
      "inCurrentMonth": true,
    },
    Object {
      "date": "Thu Jan 12 2017",
      "inCurrentMonth": true,
    },
    Object {
      "date": "Fri Jan 13 2017",
      "inCurrentMonth": true,
    },
    Object {
      "date": "Sat Jan 14 2017",
      "inCurrentMonth": true,
    },
  ],
  Array [
    Object {
      "date": "Sun Jan 15 2017",
      "inCurrentMonth": true,
    },
    Object {
      "date": "Mon Jan 16 2017",
      "inCurrentMonth": true,
    },
    Object {
      "date": "Tue Jan 17 2017",
      "inCurrentMonth": true,
    },
    Object {
      "date": "Wed Jan 18 2017",
      "inCurrentMonth": true,
    },
    Object {
      "date": "Thu Jan 19 2017",
      "inCurrentMonth": true,
    },
    Object {
      "date": "Fri Jan 20 2017",
      "inCurrentMonth": true,
    },
    Object {
      "date": "Sat Jan 21 2017",
      "inCurrentMonth": true,
    },
  ],
  Array [
    Object {
      "date": "Sun Jan 22 2017",
      "inCurrentMonth": true,
    },
    Object {
      "date": "Mon Jan 23 2017",
      "inCurrentMonth": true,
    },
    Object {
      "date": "Tue Jan 24 2017",
      "inCurrentMonth": true,
    },
    Object {
      "date": "Wed Jan 25 2017",
      "inCurrentMonth": true,
    },
    Object {
      "date": "Thu Jan 26 2017",
      "inCurrentMonth": true,
    },
    Object {
      "date": "Fri Jan 27 2017",
      "inCurrentMonth": true,
    },
    Object {
      "date": "Sat Jan 28 2017",
      "inCurrentMonth": true,
    },
  ],
  Array [
    Object {
      "date": "Sun Jan 29 2017",
      "inCurrentMonth": true,
    },
    Object {
      "date": "Mon Jan 30 2017",
      "inCurrentMonth": true,
    },
    Object {
      "date": "Tue Jan 31 2017",
      "inCurrentMonth": true,
    },
    Object {
      "date": "Wed Feb 01 2017",
      "inCurrentMonth": false,
    },
    Object {
      "date": "Thu Feb 02 2017",
      "inCurrentMonth": false,
    },
    Object {
      "date": "Fri Feb 03 2017",
      "inCurrentMonth": false,
    },
    Object {
      "date": "Sat Feb 04 2017",
      "inCurrentMonth": false,
    },
  ],
  Array [
    Object {
      "date": "Sun Feb 05 2017",
      "inCurrentMonth": false,
    },
    Object {
      "date": "Mon Feb 06 2017",
      "inCurrentMonth": false,
    },
    Object {
      "date": "Tue Feb 07 2017",
      "inCurrentMonth": false,
    },
    Object {
      "date": "Wed Feb 08 2017",
      "inCurrentMonth": false,
    },
    Object {
      "date": "Thu Feb 09 2017",
      "inCurrentMonth": false,
    },
    Object {
      "date": "Fri Feb 10 2017",
      "inCurrentMonth": false,
    },
    Object {
      "date": "Sat Feb 11 2017",
      "inCurrentMonth": false,
    },
  ],
]
`;
